Analysis & Synthesis report for CEL_PROJECT
Mon Mar 10 16:27:11 2025
Quartus Prime Version 21.1.1 Build 850 06/23/2022 SJ Lite Edition


---------------------
; Table of Contents ;
---------------------
  1. Legal Notice
  2. Analysis & Synthesis Summary
  3. Analysis & Synthesis Settings
  4. Parallel Compilation
  5. Analysis & Synthesis Messages
  6. Analysis & Synthesis Suppressed Messages



----------------
; Legal Notice ;
----------------
Copyright (C) 2022  Intel Corporation. All rights reserved.
Your use of Intel Corporation's design tools, logic functions 
and other software and tools, and any partner logic 
functions, and any output files from any of the foregoing 
(including device programming or simulation files), and any 
associated documentation or information are expressly subject 
to the terms and conditions of the Intel Program License 
Subscription Agreement, the Intel Quartus Prime License Agreement,
the Intel FPGA IP License Agreement, or other applicable license
agreement, including, without limitation, that your use is for
the sole purpose of programming logic devices manufactured by
Intel and sold by Intel or its authorized distributors.  Please
refer to the applicable agreement for further details, at
https://fpgasoftware.intel.com/eula.



+----------------------------------------------------------------------------------+
; Analysis & Synthesis Summary                                                     ;
+------------------------------------+---------------------------------------------+
; Analysis & Synthesis Status        ; Failed - Mon Mar 10 16:27:11 2025           ;
; Quartus Prime Version              ; 21.1.1 Build 850 06/23/2022 SJ Lite Edition ;
; Revision Name                      ; CEL_PROJECT                                 ;
; Top-level Entity Name              ; CEL_PROJECT                                 ;
; Family                             ; MAX 10                                      ;
; Total logic elements               ; N/A until Partition Merge                   ;
;     Total combinational functions  ; N/A until Partition Merge                   ;
;     Dedicated logic registers      ; N/A until Partition Merge                   ;
; Total registers                    ; N/A until Partition Merge                   ;
; Total pins                         ; N/A until Partition Merge                   ;
; Total virtual pins                 ; N/A until Partition Merge                   ;
; Total memory bits                  ; N/A until Partition Merge                   ;
; Embedded Multiplier 9-bit elements ; N/A until Partition Merge                   ;
; Total PLLs                         ; N/A until Partition Merge                   ;
; UFM blocks                         ; N/A until Partition Merge                   ;
; ADC blocks                         ; N/A until Partition Merge                   ;
+------------------------------------+---------------------------------------------+


+------------------------------------------------------------------------------------------------------------+
; Analysis & Synthesis Settings                                                                              ;
+------------------------------------------------------------------+--------------------+--------------------+
; Option                                                           ; Setting            ; Default Value      ;
+------------------------------------------------------------------+--------------------+--------------------+
; Device                                                           ; 10M50DAF484C7G     ;                    ;
; Top-level entity name                                            ; CEL_PROJECT        ; CEL_PROJECT        ;
; Family name                                                      ; MAX 10 FPGA        ; Cyclone V          ;
; Use smart compilation                                            ; Off                ; Off                ;
; Enable parallel Assembler and Timing Analyzer during compilation ; On                 ; On                 ;
; Enable compact report table                                      ; Off                ; Off                ;
; Restructure Multiplexers                                         ; Auto               ; Auto               ;
; Create Debugging Nodes for IP Cores                              ; Off                ; Off                ;
; Preserve fewer node names                                        ; On                 ; On                 ;
; Intel FPGA IP Evaluation Mode                                    ; Enable             ; Enable             ;
; Verilog Version                                                  ; Verilog_2001       ; Verilog_2001       ;
; VHDL Version                                                     ; VHDL_1993          ; VHDL_1993          ;
; State Machine Processing                                         ; Auto               ; Auto               ;
; Safe State Machine                                               ; Off                ; Off                ;
; Extract Verilog State Machines                                   ; On                 ; On                 ;
; Extract VHDL State Machines                                      ; On                 ; On                 ;
; Ignore Verilog initial constructs                                ; Off                ; Off                ;
; Iteration limit for constant Verilog loops                       ; 5000               ; 5000               ;
; Iteration limit for non-constant Verilog loops                   ; 250                ; 250                ;
; Add Pass-Through Logic to Inferred RAMs                          ; On                 ; On                 ;
; Infer RAMs from Raw Logic                                        ; On                 ; On                 ;
; Parallel Synthesis                                               ; On                 ; On                 ;
; DSP Block Balancing                                              ; Auto               ; Auto               ;
; NOT Gate Push-Back                                               ; On                 ; On                 ;
; Power-Up Don't Care                                              ; On                 ; On                 ;
; Remove Redundant Logic Cells                                     ; Off                ; Off                ;
; Remove Duplicate Registers                                       ; On                 ; On                 ;
; Ignore CARRY Buffers                                             ; Off                ; Off                ;
; Ignore CASCADE Buffers                                           ; Off                ; Off                ;
; Ignore GLOBAL Buffers                                            ; Off                ; Off                ;
; Ignore ROW GLOBAL Buffers                                        ; Off                ; Off                ;
; Ignore LCELL Buffers                                             ; Off                ; Off                ;
; Ignore SOFT Buffers                                              ; On                 ; On                 ;
; Limit AHDL Integers to 32 Bits                                   ; Off                ; Off                ;
; Optimization Technique                                           ; Balanced           ; Balanced           ;
; Carry Chain Length                                               ; 70                 ; 70                 ;
; Auto Carry Chains                                                ; On                 ; On                 ;
; Auto Open-Drain Pins                                             ; On                 ; On                 ;
; Perform WYSIWYG Primitive Resynthesis                            ; Off                ; Off                ;
; Auto ROM Replacement                                             ; On                 ; On                 ;
; Auto RAM Replacement                                             ; On                 ; On                 ;
; Auto DSP Block Replacement                                       ; On                 ; On                 ;
; Auto Shift Register Replacement                                  ; Auto               ; Auto               ;
; Allow Shift Register Merging across Hierarchies                  ; Auto               ; Auto               ;
; Auto Clock Enable Replacement                                    ; On                 ; On                 ;
; Strict RAM Replacement                                           ; Off                ; Off                ;
; Allow Synchronous Control Signals                                ; On                 ; On                 ;
; Force Use of Synchronous Clear Signals                           ; Off                ; Off                ;
; Auto RAM Block Balancing                                         ; On                 ; On                 ;
; Auto RAM to Logic Cell Conversion                                ; Off                ; Off                ;
; Auto Resource Sharing                                            ; Off                ; Off                ;
; Allow Any RAM Size For Recognition                               ; Off                ; Off                ;
; Allow Any ROM Size For Recognition                               ; Off                ; Off                ;
; Allow Any Shift Register Size For Recognition                    ; Off                ; Off                ;
; Use LogicLock Constraints during Resource Balancing              ; On                 ; On                 ;
; Ignore translate_off and synthesis_off directives                ; Off                ; Off                ;
; Timing-Driven Synthesis                                          ; On                 ; On                 ;
; Report Parameter Settings                                        ; On                 ; On                 ;
; Report Source Assignments                                        ; On                 ; On                 ;
; Report Connectivity Checks                                       ; On                 ; On                 ;
; Ignore Maximum Fan-Out Assignments                               ; Off                ; Off                ;
; Synchronization Register Chain Length                            ; 2                  ; 2                  ;
; Power Optimization During Synthesis                              ; Normal compilation ; Normal compilation ;
; HDL message level                                                ; Level2             ; Level2             ;
; Suppress Register Optimization Related Messages                  ; Off                ; Off                ;
; Number of Removed Registers Reported in Synthesis Report         ; 5000               ; 5000               ;
; Number of Swept Nodes Reported in Synthesis Report               ; 5000               ; 5000               ;
; Number of Inverted Registers Reported in Synthesis Report        ; 100                ; 100                ;
; Clock MUX Protection                                             ; On                 ; On                 ;
; Auto Gated Clock Conversion                                      ; Off                ; Off                ;
; Block Design Naming                                              ; Auto               ; Auto               ;
; SDC constraint protection                                        ; Off                ; Off                ;
; Synthesis Effort                                                 ; Auto               ; Auto               ;
; Shift Register Replacement - Allow Asynchronous Clear Signal     ; On                 ; On                 ;
; Pre-Mapping Resynthesis Optimization                             ; Off                ; Off                ;
; Analysis & Synthesis Message Level                               ; Medium             ; Medium             ;
; Disable Register Merging Across Hierarchies                      ; Auto               ; Auto               ;
; Resource Aware Inference For Block RAM                           ; On                 ; On                 ;
+------------------------------------------------------------------+--------------------+--------------------+


+------------------------------------------+
; Parallel Compilation                     ;
+----------------------------+-------------+
; Processors                 ; Number      ;
+----------------------------+-------------+
; Number detected on machine ; 12          ;
; Maximum allowed            ; 12          ;
;                            ;             ;
; Average used               ; 1.00        ;
; Maximum used               ; 1           ;
;                            ;             ;
; Usage by Processor         ; % Time Used ;
;     Processor 1            ; 100.0%      ;
+----------------------------+-------------+


+-------------------------------+
; Analysis & Synthesis Messages ;
+-------------------------------+
Info: *******************************************************************
Info: Running Quartus Prime Analysis & Synthesis
    Info: Version 21.1.1 Build 850 06/23/2022 SJ Lite Edition
    Info: Processing started: Mon Mar 10 16:27:01 2025
Info: Command: quartus_map --read_settings_files=on --write_settings_files=off CEL_PROJECT -c CEL_PROJECT
Warning (18236): Number of processors has not been specified which may cause overloading on shared machines.  Set the global assignment NUM_PARALLEL_PROCESSORS in your QSF to an appropriate value for best performance.
Info (20030): Parallel compilation is enabled and will use 12 of the 12 processors detected
Info (12021): Found 15 design units, including 15 entities, in source file riscvsingle.sv
    Info (12023): Found entity 1: my_computer File: C:/Users/18639/Downloads/CodeGenerated/DE10_LITE/TokurFinalProject/CEL_PROJECT/riscvsingle.sv Line: 83
    Info (12023): Found entity 2: regfile File: C:/Users/18639/Downloads/CodeGenerated/DE10_LITE/TokurFinalProject/CEL_PROJECT/riscvsingle.sv Line: 109
    Info (12023): Found entity 3: imem File: C:/Users/18639/Downloads/CodeGenerated/DE10_LITE/TokurFinalProject/CEL_PROJECT/riscvsingle.sv Line: 129
    Info (12023): Found entity 4: dmem File: C:/Users/18639/Downloads/CodeGenerated/DE10_LITE/TokurFinalProject/CEL_PROJECT/riscvsingle.sv Line: 144
    Info (12023): Found entity 5: flopr File: C:/Users/18639/Downloads/CodeGenerated/DE10_LITE/TokurFinalProject/CEL_PROJECT/riscvsingle.sv Line: 176
    Info (12023): Found entity 6: riscvsingle File: C:/Users/18639/Downloads/CodeGenerated/DE10_LITE/TokurFinalProject/CEL_PROJECT/riscvsingle.sv Line: 190
    Info (12023): Found entity 7: controller File: C:/Users/18639/Downloads/CodeGenerated/DE10_LITE/TokurFinalProject/CEL_PROJECT/riscvsingle.sv Line: 212
    Info (12023): Found entity 8: maindec File: C:/Users/18639/Downloads/CodeGenerated/DE10_LITE/TokurFinalProject/CEL_PROJECT/riscvsingle.sv Line: 233
    Info (12023): Found entity 9: aludec File: C:/Users/18639/Downloads/CodeGenerated/DE10_LITE/TokurFinalProject/CEL_PROJECT/riscvsingle.sv Line: 259
    Info (12023): Found entity 10: datapath File: C:/Users/18639/Downloads/CodeGenerated/DE10_LITE/TokurFinalProject/CEL_PROJECT/riscvsingle.sv Line: 285
    Info (12023): Found entity 11: adder File: C:/Users/18639/Downloads/CodeGenerated/DE10_LITE/TokurFinalProject/CEL_PROJECT/riscvsingle.sv Line: 320
    Info (12023): Found entity 12: extend File: C:/Users/18639/Downloads/CodeGenerated/DE10_LITE/TokurFinalProject/CEL_PROJECT/riscvsingle.sv Line: 326
    Info (12023): Found entity 13: mux2 File: C:/Users/18639/Downloads/CodeGenerated/DE10_LITE/TokurFinalProject/CEL_PROJECT/riscvsingle.sv Line: 344
    Info (12023): Found entity 14: mux3 File: C:/Users/18639/Downloads/CodeGenerated/DE10_LITE/TokurFinalProject/CEL_PROJECT/riscvsingle.sv Line: 352
    Info (12023): Found entity 15: alu File: C:/Users/18639/Downloads/CodeGenerated/DE10_LITE/TokurFinalProject/CEL_PROJECT/riscvsingle.sv Line: 360
Info (12021): Found 1 design units, including 1 entities, in source file my_computer_tb.v
    Info (12023): Found entity 1: my_computer_tb File: C:/Users/18639/Downloads/CodeGenerated/DE10_LITE/TokurFinalProject/CEL_PROJECT/my_computer_tb.v Line: 3
Warning (10236): Verilog HDL Implicit Net warning at riscvsingle.sv(202): created implicit net for "PCSrc" File: C:/Users/18639/Downloads/CodeGenerated/DE10_LITE/TokurFinalProject/CEL_PROJECT/riscvsingle.sv Line: 202
Warning (12125): Using design file cel_project.v, which is not specified as a design file for the current project, but contains definitions for 1 design units and 1 entities in project
    Info (12023): Found entity 1: CEL_PROJECT File: C:/Users/18639/Downloads/CodeGenerated/DE10_LITE/TokurFinalProject/CEL_PROJECT/cel_project.v Line: 1
Warning (10236): Verilog HDL Implicit Net warning at cel_project.v(32): created implicit net for "clk" File: C:/Users/18639/Downloads/CodeGenerated/DE10_LITE/TokurFinalProject/CEL_PROJECT/cel_project.v Line: 32
Info (12127): Elaborating entity "CEL_PROJECT" for the top level hierarchy
Warning (10230): Verilog HDL assignment warning at cel_project.v(36): truncated value with size 32 to match size of target (10) File: C:/Users/18639/Downloads/CodeGenerated/DE10_LITE/TokurFinalProject/CEL_PROJECT/cel_project.v Line: 36
Warning (10034): Output port "HEX0" at cel_project.v(9) has no driver File: C:/Users/18639/Downloads/CodeGenerated/DE10_LITE/TokurFinalProject/CEL_PROJECT/cel_project.v Line: 9
Warning (10034): Output port "HEX1" at cel_project.v(10) has no driver File: C:/Users/18639/Downloads/CodeGenerated/DE10_LITE/TokurFinalProject/CEL_PROJECT/cel_project.v Line: 10
Warning (10034): Output port "HEX2" at cel_project.v(11) has no driver File: C:/Users/18639/Downloads/CodeGenerated/DE10_LITE/TokurFinalProject/CEL_PROJECT/cel_project.v Line: 11
Warning (10034): Output port "HEX3" at cel_project.v(12) has no driver File: C:/Users/18639/Downloads/CodeGenerated/DE10_LITE/TokurFinalProject/CEL_PROJECT/cel_project.v Line: 12
Warning (10034): Output port "HEX4" at cel_project.v(13) has no driver File: C:/Users/18639/Downloads/CodeGenerated/DE10_LITE/TokurFinalProject/CEL_PROJECT/cel_project.v Line: 13
Warning (10034): Output port "HEX5" at cel_project.v(14) has no driver File: C:/Users/18639/Downloads/CodeGenerated/DE10_LITE/TokurFinalProject/CEL_PROJECT/cel_project.v Line: 14
Info (12128): Elaborating entity "my_computer" for hierarchy "my_computer:U1" File: C:/Users/18639/Downloads/CodeGenerated/DE10_LITE/TokurFinalProject/CEL_PROJECT/cel_project.v Line: 34
Info (12128): Elaborating entity "riscvsingle" for hierarchy "my_computer:U1|riscvsingle:rvsingle" File: C:/Users/18639/Downloads/CodeGenerated/DE10_LITE/TokurFinalProject/CEL_PROJECT/riscvsingle.sv Line: 94
Info (12128): Elaborating entity "controller" for hierarchy "my_computer:U1|riscvsingle:rvsingle|controller:c" File: C:/Users/18639/Downloads/CodeGenerated/DE10_LITE/TokurFinalProject/CEL_PROJECT/riscvsingle.sv Line: 204
Info (12128): Elaborating entity "maindec" for hierarchy "my_computer:U1|riscvsingle:rvsingle|controller:c|maindec:md" File: C:/Users/18639/Downloads/CodeGenerated/DE10_LITE/TokurFinalProject/CEL_PROJECT/riscvsingle.sv Line: 227
Info (12128): Elaborating entity "aludec" for hierarchy "my_computer:U1|riscvsingle:rvsingle|controller:c|aludec:ad" File: C:/Users/18639/Downloads/CodeGenerated/DE10_LITE/TokurFinalProject/CEL_PROJECT/riscvsingle.sv Line: 228
Info (12128): Elaborating entity "datapath" for hierarchy "my_computer:U1|riscvsingle:rvsingle|datapath:dp" File: C:/Users/18639/Downloads/CodeGenerated/DE10_LITE/TokurFinalProject/CEL_PROJECT/riscvsingle.sv Line: 209
Info (12128): Elaborating entity "flopr" for hierarchy "my_computer:U1|riscvsingle:rvsingle|datapath:dp|flopr:pcreg" File: C:/Users/18639/Downloads/CodeGenerated/DE10_LITE/TokurFinalProject/CEL_PROJECT/riscvsingle.sv Line: 303
Info (12128): Elaborating entity "adder" for hierarchy "my_computer:U1|riscvsingle:rvsingle|datapath:dp|adder:pcadd4" File: C:/Users/18639/Downloads/CodeGenerated/DE10_LITE/TokurFinalProject/CEL_PROJECT/riscvsingle.sv Line: 304
Info (12128): Elaborating entity "mux2" for hierarchy "my_computer:U1|riscvsingle:rvsingle|datapath:dp|mux2:pcmux" File: C:/Users/18639/Downloads/CodeGenerated/DE10_LITE/TokurFinalProject/CEL_PROJECT/riscvsingle.sv Line: 306
Info (12128): Elaborating entity "regfile" for hierarchy "my_computer:U1|riscvsingle:rvsingle|datapath:dp|regfile:rf" File: C:/Users/18639/Downloads/CodeGenerated/DE10_LITE/TokurFinalProject/CEL_PROJECT/riscvsingle.sv Line: 310
Info (12128): Elaborating entity "extend" for hierarchy "my_computer:U1|riscvsingle:rvsingle|datapath:dp|extend:ext" File: C:/Users/18639/Downloads/CodeGenerated/DE10_LITE/TokurFinalProject/CEL_PROJECT/riscvsingle.sv Line: 311
Info (12128): Elaborating entity "alu" for hierarchy "my_computer:U1|riscvsingle:rvsingle|datapath:dp|alu:alu" File: C:/Users/18639/Downloads/CodeGenerated/DE10_LITE/TokurFinalProject/CEL_PROJECT/riscvsingle.sv Line: 315
Info (12128): Elaborating entity "mux3" for hierarchy "my_computer:U1|riscvsingle:rvsingle|datapath:dp|mux3:resultmux" File: C:/Users/18639/Downloads/CodeGenerated/DE10_LITE/TokurFinalProject/CEL_PROJECT/riscvsingle.sv Line: 316
Info (12128): Elaborating entity "imem" for hierarchy "my_computer:U1|imem:imem" File: C:/Users/18639/Downloads/CodeGenerated/DE10_LITE/TokurFinalProject/CEL_PROJECT/riscvsingle.sv Line: 96
Error (10002): Can't open VHDL or Verilog HDL file "C:/Users/18639/Downloads/CodeGenerated/DE10_LITE/TokurFinalProject/CEL_PROJECT/"
Warning (10030): Net "ROM.data_a" at riscvsingle.sv(132) has no driver or initial value, using a default initial value '0' File: C:/Users/18639/Downloads/CodeGenerated/DE10_LITE/TokurFinalProject/CEL_PROJECT/riscvsingle.sv Line: 132
Warning (10030): Net "ROM.waddr_a" at riscvsingle.sv(132) has no driver or initial value, using a default initial value '0' File: C:/Users/18639/Downloads/CodeGenerated/DE10_LITE/TokurFinalProject/CEL_PROJECT/riscvsingle.sv Line: 132
Warning (10030): Net "ROM.we_a" at riscvsingle.sv(132) has no driver or initial value, using a default initial value '0' File: C:/Users/18639/Downloads/CodeGenerated/DE10_LITE/TokurFinalProject/CEL_PROJECT/riscvsingle.sv Line: 132
Error (12152): Can't elaborate user hierarchy "my_computer:U1|imem:imem" File: C:/Users/18639/Downloads/CodeGenerated/DE10_LITE/TokurFinalProject/CEL_PROJECT/riscvsingle.sv Line: 96
Info (144001): Generated suppressed messages file C:/Users/18639/Downloads/CodeGenerated/DE10_LITE/TokurFinalProject/CEL_PROJECT/CEL_PROJECT.map.smsg
Error: Quartus Prime Analysis & Synthesis was unsuccessful. 2 errors, 14 warnings
    Error: Peak virtual memory: 4726 megabytes
    Error: Processing ended: Mon Mar 10 16:27:11 2025
    Error: Elapsed time: 00:00:10
    Error: Total CPU time (on all processors): 00:00:23


+------------------------------------------+
; Analysis & Synthesis Suppressed Messages ;
+------------------------------------------+
The suppressed messages can be found in C:/Users/18639/Downloads/CodeGenerated/DE10_LITE/TokurFinalProject/CEL_PROJECT/CEL_PROJECT.map.smsg.


